Archive member included to satisfy reference by file (symbol)

/opt/st/stm32cubeide_1.5.0/plugins/com.st.stm32cube.ide.mcu.externaltools.gnu-tools-for-stm32.7-2018-q2-update.linux64_1.5.0.202011040924/tools/bin/../lib/gcc/arm-none-eabi/7.3.1/../../../../arm-none-eabi/lib/thumb/v7e-m/fpv4-sp/hard/libc_nano.a(lib_a-errno.o)
                              Src/syscalls.o (__errno)
/opt/st/stm32cubeide_1.5.0/plugins/com.st.stm32cube.ide.mcu.externaltools.gnu-tools-for-stm32.7-2018-q2-update.linux64_1.5.0.202011040924/tools/bin/../lib/gcc/arm-none-eabi/7.3.1/../../../../arm-none-eabi/lib/thumb/v7e-m/fpv4-sp/hard/libc_nano.a(lib_a-exit.o)
                              /opt/st/stm32cubeide_1.5.0/plugins/com.st.stm32cube.ide.mcu.externaltools.gnu-tools-for-stm32.7-2018-q2-update.linux64_1.5.0.202011040924/tools/bin/../lib/gcc/arm-none-eabi/7.3.1/../../../../arm-none-eabi/lib/thumb/v7e-m/fpv4-sp/hard/crt0.o (exit)
/opt/st/stm32cubeide_1.5.0/plugins/com.st.stm32cube.ide.mcu.externaltools.gnu-tools-for-stm32.7-2018-q2-update.linux64_1.5.0.202011040924/tools/bin/../lib/gcc/arm-none-eabi/7.3.1/../../../../arm-none-eabi/lib/thumb/v7e-m/fpv4-sp/hard/libc_nano.a(lib_a-impure.o)
                              /opt/st/stm32cubeide_1.5.0/plugins/com.st.stm32cube.ide.mcu.externaltools.gnu-tools-for-stm32.7-2018-q2-update.linux64_1.5.0.202011040924/tools/bin/../lib/gcc/arm-none-eabi/7.3.1/../../../../arm-none-eabi/lib/thumb/v7e-m/fpv4-sp/hard/libc_nano.a(lib_a-exit.o) (_global_impure_ptr)
/opt/st/stm32cubeide_1.5.0/plugins/com.st.stm32cube.ide.mcu.externaltools.gnu-tools-for-stm32.7-2018-q2-update.linux64_1.5.0.202011040924/tools/bin/../lib/gcc/arm-none-eabi/7.3.1/../../../../arm-none-eabi/lib/thumb/v7e-m/fpv4-sp/hard/libc_nano.a(lib_a-init.o)
                              /opt/st/stm32cubeide_1.5.0/plugins/com.st.stm32cube.ide.mcu.externaltools.gnu-tools-for-stm32.7-2018-q2-update.linux64_1.5.0.202011040924/tools/bin/../lib/gcc/arm-none-eabi/7.3.1/../../../../arm-none-eabi/lib/thumb/v7e-m/fpv4-sp/hard/crt0.o (__libc_init_array)
/opt/st/stm32cubeide_1.5.0/plugins/com.st.stm32cube.ide.mcu.externaltools.gnu-tools-for-stm32.7-2018-q2-update.linux64_1.5.0.202011040924/tools/bin/../lib/gcc/arm-none-eabi/7.3.1/../../../../arm-none-eabi/lib/thumb/v7e-m/fpv4-sp/hard/libc_nano.a(lib_a-memset.o)
                              /opt/st/stm32cubeide_1.5.0/plugins/com.st.stm32cube.ide.mcu.externaltools.gnu-tools-for-stm32.7-2018-q2-update.linux64_1.5.0.202011040924/tools/bin/../lib/gcc/arm-none-eabi/7.3.1/../../../../arm-none-eabi/lib/thumb/v7e-m/fpv4-sp/hard/crt0.o (memset)
/opt/st/stm32cubeide_1.5.0/plugins/com.st.stm32cube.ide.mcu.externaltools.gnu-tools-for-stm32.7-2018-q2-update.linux64_1.5.0.202011040924/tools/bin/../lib/gcc/arm-none-eabi/7.3.1/../../../../arm-none-eabi/lib/thumb/v7e-m/fpv4-sp/hard/libc_nano.a(lib_a-strlen.o)
                              Src/007spi_cmd_handling.o (strlen)

Discarded input sections

 .text          0x0000000000000000        0x0 /opt/st/stm32cubeide_1.5.0/plugins/com.st.stm32cube.ide.mcu.externaltools.gnu-tools-for-stm32.7-2018-q2-update.linux64_1.5.0.202011040924/tools/bin/../lib/gcc/arm-none-eabi/7.3.1/thumb/v7e-m/fpv4-sp/hard/crti.o
 .data          0x0000000000000000        0x0 /opt/st/stm32cubeide_1.5.0/plugins/com.st.stm32cube.ide.mcu.externaltools.gnu-tools-for-stm32.7-2018-q2-update.linux64_1.5.0.202011040924/tools/bin/../lib/gcc/arm-none-eabi/7.3.1/thumb/v7e-m/fpv4-sp/hard/crti.o
 .bss           0x0000000000000000        0x0 /opt/st/stm32cubeide_1.5.0/plugins/com.st.stm32cube.ide.mcu.externaltools.gnu-tools-for-stm32.7-2018-q2-update.linux64_1.5.0.202011040924/tools/bin/../lib/gcc/arm-none-eabi/7.3.1/thumb/v7e-m/fpv4-sp/hard/crti.o
 .data          0x0000000000000000        0x4 /opt/st/stm32cubeide_1.5.0/plugins/com.st.stm32cube.ide.mcu.externaltools.gnu-tools-for-stm32.7-2018-q2-update.linux64_1.5.0.202011040924/tools/bin/../lib/gcc/arm-none-eabi/7.3.1/thumb/v7e-m/fpv4-sp/hard/crtbegin.o
 .text          0x0000000000000000       0x74 /opt/st/stm32cubeide_1.5.0/plugins/com.st.stm32cube.ide.mcu.externaltools.gnu-tools-for-stm32.7-2018-q2-update.linux64_1.5.0.202011040924/tools/bin/../lib/gcc/arm-none-eabi/7.3.1/../../../../arm-none-eabi/lib/thumb/v7e-m/fpv4-sp/hard/crt0.o
 .data          0x0000000000000000        0x0 /opt/st/stm32cubeide_1.5.0/plugins/com.st.stm32cube.ide.mcu.externaltools.gnu-tools-for-stm32.7-2018-q2-update.linux64_1.5.0.202011040924/tools/bin/../lib/gcc/arm-none-eabi/7.3.1/../../../../arm-none-eabi/lib/thumb/v7e-m/fpv4-sp/hard/crt0.o
 .bss           0x0000000000000000        0x0 /opt/st/stm32cubeide_1.5.0/plugins/com.st.stm32cube.ide.mcu.externaltools.gnu-tools-for-stm32.7-2018-q2-update.linux64_1.5.0.202011040924/tools/bin/../lib/gcc/arm-none-eabi/7.3.1/../../../../arm-none-eabi/lib/thumb/v7e-m/fpv4-sp/hard/crt0.o
 .ARM.extab     0x0000000000000000        0x0 /opt/st/stm32cubeide_1.5.0/plugins/com.st.stm32cube.ide.mcu.externaltools.gnu-tools-for-stm32.7-2018-q2-update.linux64_1.5.0.202011040924/tools/bin/../lib/gcc/arm-none-eabi/7.3.1/../../../../arm-none-eabi/lib/thumb/v7e-m/fpv4-sp/hard/crt0.o
 .ARM.exidx     0x0000000000000000        0x8 /opt/st/stm32cubeide_1.5.0/plugins/com.st.stm32cube.ide.mcu.externaltools.gnu-tools-for-stm32.7-2018-q2-update.linux64_1.5.0.202011040924/tools/bin/../lib/gcc/arm-none-eabi/7.3.1/../../../../arm-none-eabi/lib/thumb/v7e-m/fpv4-sp/hard/crt0.o
 .ARM.attributes
                0x0000000000000000       0x20 /opt/st/stm32cubeide_1.5.0/plugins/com.st.stm32cube.ide.mcu.externaltools.gnu-tools-for-stm32.7-2018-q2-update.linux64_1.5.0.202011040924/tools/bin/../lib/gcc/arm-none-eabi/7.3.1/../../../../arm-none-eabi/lib/thumb/v7e-m/fpv4-sp/hard/crt0.o
 .group         0x0000000000000000        0xc Inc/src/stm32f446xx_gpio.o
 .group         0x0000000000000000        0xc Inc/src/stm32f446xx_gpio.o
 .group         0x0000000000000000        0xc Inc/src/stm32f446xx_gpio.o
 .group         0x0000000000000000        0xc Inc/src/stm32f446xx_gpio.o
 .group         0x0000000000000000        0xc Inc/src/stm32f446xx_gpio.o
 .group         0x0000000000000000        0xc Inc/src/stm32f446xx_gpio.o
 .group         0x0000000000000000        0xc Inc/src/stm32f446xx_gpio.o
 .group         0x0000000000000000        0xc Inc/src/stm32f446xx_gpio.o
 .group         0x0000000000000000        0xc Inc/src/stm32f446xx_gpio.o
 .group         0x0000000000000000        0xc Inc/src/stm32f446xx_gpio.o
 .group         0x0000000000000000        0xc Inc/src/stm32f446xx_gpio.o
 .group         0x0000000000000000        0xc Inc/src/stm32f446xx_gpio.o
 .text          0x0000000000000000        0x0 Inc/src/stm32f446xx_gpio.o
 .data          0x0000000000000000        0x0 Inc/src/stm32f446xx_gpio.o
 .bss           0x0000000000000000        0x0 Inc/src/stm32f446xx_gpio.o
 .text.GPIO_DeInit
                0x0000000000000000      0x148 Inc/src/stm32f446xx_gpio.o
 .text.GPIO_ReadIPort
                0x0000000000000000       0x22 Inc/src/stm32f446xx_gpio.o
 .text.GPIO_WriteOPin
                0x0000000000000000       0x4a Inc/src/stm32f446xx_gpio.o
 .text.GPIO_WriteOPort
                0x0000000000000000       0x1e Inc/src/stm32f446xx_gpio.o
 .text.GPIO_ToggleOPin
                0x0000000000000000       0x2a Inc/src/stm32f446xx_gpio.o
 .text.GPIO_IRQ_ITConfig
                0x0000000000000000      0x10c Inc/src/stm32f446xx_gpio.o
 .text.GPIO_IRQConfig
                0x0000000000000000       0x54 Inc/src/stm32f446xx_gpio.o
 .text.GPIO_IRQHandling
                0x0000000000000000       0x40 Inc/src/stm32f446xx_gpio.o
 .group         0x0000000000000000        0xc Inc/src/stm32f446xx_rcc.o
 .group         0x0000000000000000        0xc Inc/src/stm32f446xx_rcc.o
 .group         0x0000000000000000        0xc Inc/src/stm32f446xx_rcc.o
 .group         0x0000000000000000        0xc Inc/src/stm32f446xx_rcc.o
 .group         0x0000000000000000        0xc Inc/src/stm32f446xx_rcc.o
 .group         0x0000000000000000        0xc Inc/src/stm32f446xx_rcc.o
 .group         0x0000000000000000        0xc Inc/src/stm32f446xx_rcc.o
 .group         0x0000000000000000        0xc Inc/src/stm32f446xx_rcc.o
 .group         0x0000000000000000        0xc Inc/src/stm32f446xx_rcc.o
 .group         0x0000000000000000        0xc Inc/src/stm32f446xx_rcc.o
 .group         0x0000000000000000        0xc Inc/src/stm32f446xx_rcc.o
 .group         0x0000000000000000        0xc Inc/src/stm32f446xx_rcc.o
 .text          0x0000000000000000        0x0 Inc/src/stm32f446xx_rcc.o
 .data          0x0000000000000000        0x0 Inc/src/stm32f446xx_rcc.o
 .bss           0x0000000000000000        0x0 Inc/src/stm32f446xx_rcc.o
 .data.AHB_PreScaler
                0x0000000000000000       0x10 Inc/src/stm32f446xx_rcc.o
 .data.APB1_PreScaler
                0x0000000000000000        0x4 Inc/src/stm32f446xx_rcc.o
 .text.RCC_GetPCLK1Value
                0x0000000000000000       0xb0 Inc/src/stm32f446xx_rcc.o
 .text.RCC_GetPCLK2Value
                0x0000000000000000       0xa0 Inc/src/stm32f446xx_rcc.o
 .text.RCC_GetPLLOutputClock
                0x0000000000000000       0x10 Inc/src/stm32f446xx_rcc.o
 .debug_info    0x0000000000000000      0x3ad Inc/src/stm32f446xx_rcc.o
 .debug_abbrev  0x0000000000000000       0xfb Inc/src/stm32f446xx_rcc.o
 .debug_aranges
                0x0000000000000000       0x30 Inc/src/stm32f446xx_rcc.o
 .debug_ranges  0x0000000000000000       0x20 Inc/src/stm32f446xx_rcc.o
 .debug_macro   0x0000000000000000       0xb2 Inc/src/stm32f446xx_rcc.o
 .debug_macro   0x0000000000000000      0xa66 Inc/src/stm32f446xx_rcc.o
 .debug_macro   0x0000000000000000       0x22 Inc/src/stm32f446xx_rcc.o
 .debug_macro   0x0000000000000000       0x8e Inc/src/stm32f446xx_rcc.o
 .debug_macro   0x0000000000000000       0x51 Inc/src/stm32f446xx_rcc.o
 .debug_macro   0x0000000000000000       0xef Inc/src/stm32f446xx_rcc.o
 .debug_macro   0x0000000000000000       0x6a Inc/src/stm32f446xx_rcc.o
 .debug_macro   0x0000000000000000      0x1df Inc/src/stm32f446xx_rcc.o
 .debug_macro   0x0000000000000000      0x174 Inc/src/stm32f446xx_rcc.o
 .debug_macro   0x0000000000000000      0x505 Inc/src/stm32f446xx_rcc.o
 .debug_macro   0x0000000000000000       0xc4 Inc/src/stm32f446xx_rcc.o
 .debug_macro   0x0000000000000000       0xd0 Inc/src/stm32f446xx_rcc.o
 .debug_macro   0x0000000000000000      0x1dd Inc/src/stm32f446xx_rcc.o
 .debug_line    0x0000000000000000      0x461 Inc/src/stm32f446xx_rcc.o
 .debug_str     0x0000000000000000     0x67ac Inc/src/stm32f446xx_rcc.o
 .comment       0x0000000000000000       0x7c Inc/src/stm32f446xx_rcc.o
 .debug_frame   0x0000000000000000       0x7c Inc/src/stm32f446xx_rcc.o
 .ARM.attributes
                0x0000000000000000       0x39 Inc/src/stm32f446xx_rcc.o
 .group         0x0000000000000000        0xc Inc/src/stm32f446xx_spi.o
 .group         0x0000000000000000        0xc Inc/src/stm32f446xx_spi.o
 .group         0x0000000000000000        0xc Inc/src/stm32f446xx_spi.o
 .group         0x0000000000000000        0xc Inc/src/stm32f446xx_spi.o
 .group         0x0000000000000000        0xc Inc/src/stm32f446xx_spi.o
 .group         0x0000000000000000        0xc Inc/src/stm32f446xx_spi.o
 .group         0x0000000000000000        0xc Inc/src/stm32f446xx_spi.o
 .group         0x0000000000000000        0xc Inc/src/stm32f446xx_spi.o
 .group         0x0000000000000000        0xc Inc/src/stm32f446xx_spi.o
 .group         0x0000000000000000        0xc Inc/src/stm32f446xx_spi.o
 .group         0x0000000000000000        0xc Inc/src/stm32f446xx_spi.o
 .group         0x0000000000000000        0xc Inc/src/stm32f446xx_spi.o
 .text          0x0000000000000000        0x0 Inc/src/stm32f446xx_spi.o
 .data          0x0000000000000000        0x0 Inc/src/stm32f446xx_spi.o
 .bss           0x0000000000000000        0x0 Inc/src/stm32f446xx_spi.o
 .text.SSI_Config
                0x0000000000000000       0x38 Inc/src/stm32f446xx_spi.o
 .text.SPI_DeInit
                0x0000000000000000       0x14 Inc/src/stm32f446xx_spi.o
 .text.SPI_IRQ_ITConfig
                0x0000000000000000       0x1c Inc/src/stm32f446xx_spi.o
 .text.SPI_IRQHandling
                0x0000000000000000       0x9a Inc/src/stm32f446xx_spi.o
 .text.SPI_SendData_IT
                0x0000000000000000       0x48 Inc/src/stm32f446xx_spi.o
 .text.SPI_RecieveData_IT
                0x0000000000000000       0x48 Inc/src/stm32f446xx_spi.o
 .text.SPI_IRQConfig
                0x0000000000000000       0x18 Inc/src/stm32f446xx_spi.o
 .text.SPI_RXNE_IT_Handle
                0x0000000000000000       0x88 Inc/src/stm32f446xx_spi.o
 .text.SPI_TXE_IT_Handle
                0x0000000000000000       0x84 Inc/src/stm32f446xx_spi.o
 .text.SPI_OVR_IT_Handle
                0x0000000000000000       0x30 Inc/src/stm32f446xx_spi.o
 .text.SPI_AbortTx
                0x0000000000000000       0x36 Inc/src/stm32f446xx_spi.o
 .text.SPI_AbortRx
                0x0000000000000000       0x36 Inc/src/stm32f446xx_spi.o
 .text.SPI_ClearOVR
                0x0000000000000000       0x20 Inc/src/stm32f446xx_spi.o
 .text.SPI_AppEventCallback
                0x0000000000000000       0x18 Inc/src/stm32f446xx_spi.o
 .debug_macro   0x0000000000000000      0xa66 Inc/src/stm32f446xx_spi.o
 .debug_macro   0x0000000000000000       0x22 Inc/src/stm32f446xx_spi.o
 .debug_macro   0x0000000000000000       0x8e Inc/src/stm32f446xx_spi.o
 .debug_macro   0x0000000000000000       0x51 Inc/src/stm32f446xx_spi.o
 .debug_macro   0x0000000000000000       0xef Inc/src/stm32f446xx_spi.o
 .debug_macro   0x0000000000000000       0x6a Inc/src/stm32f446xx_spi.o
 .debug_macro   0x0000000000000000      0x1df Inc/src/stm32f446xx_spi.o
 .debug_macro   0x0000000000000000      0x174 Inc/src/stm32f446xx_spi.o
 .debug_macro   0x0000000000000000      0x505 Inc/src/stm32f446xx_spi.o
 .debug_macro   0x0000000000000000       0xc4 Inc/src/stm32f446xx_spi.o
 .debug_macro   0x0000000000000000      0x1dd Inc/src/stm32f446xx_spi.o
 .debug_macro   0x0000000000000000       0xca Inc/src/stm32f446xx_spi.o
 .group         0x0000000000000000        0xc Inc/src/stm32f446xx_usart.o
 .group         0x0000000000000000        0xc Inc/src/stm32f446xx_usart.o
 .group         0x0000000000000000        0xc Inc/src/stm32f446xx_usart.o
 .group         0x0000000000000000        0xc Inc/src/stm32f446xx_usart.o
 .group         0x0000000000000000        0xc Inc/src/stm32f446xx_usart.o
 .group         0x0000000000000000        0xc Inc/src/stm32f446xx_usart.o
 .group         0x0000000000000000        0xc Inc/src/stm32f446xx_usart.o
 .group         0x0000000000000000        0xc Inc/src/stm32f446xx_usart.o
 .group         0x0000000000000000        0xc Inc/src/stm32f446xx_usart.o
 .group         0x0000000000000000        0xc Inc/src/stm32f446xx_usart.o
 .group         0x0000000000000000        0xc Inc/src/stm32f446xx_usart.o
 .group         0x0000000000000000        0xc Inc/src/stm32f446xx_usart.o
 .text          0x0000000000000000        0x0 Inc/src/stm32f446xx_usart.o
 .data          0x0000000000000000        0x0 Inc/src/stm32f446xx_usart.o
 .bss           0x0000000000000000        0x0 Inc/src/stm32f446xx_usart.o
 .text.USART_PeriClkCntrl
                0x0000000000000000      0x144 Inc/src/stm32f446xx_usart.o
 .text.USART_SetBaudRate
                0x0000000000000000       0xe4 Inc/src/stm32f446xx_usart.o
 .text.USART_Enable
                0x0000000000000000       0x38 Inc/src/stm32f446xx_usart.o
 .text.USART_GetFlagStatus
                0x0000000000000000       0x30 Inc/src/stm32f446xx_usart.o
 .text.USART_ClearFlag
                0x0000000000000000       0x2a Inc/src/stm32f446xx_usart.o
 .text.USART_Init
                0x0000000000000000      0x106 Inc/src/stm32f446xx_usart.o
 .text.USART_SendData
                0x0000000000000000       0x9a Inc/src/stm32f446xx_usart.o
 .text.USART_ReceiveData
                0x0000000000000000       0xa8 Inc/src/stm32f446xx_usart.o
 .text.USART_IRQInterruptConfig
                0x0000000000000000      0x124 Inc/src/stm32f446xx_usart.o
 .text.USART_IRQPriorityConfig
                0x0000000000000000       0x54 Inc/src/stm32f446xx_usart.o
 .debug_info    0x0000000000000000      0x656 Inc/src/stm32f446xx_usart.o
 .debug_abbrev  0x0000000000000000      0x1b1 Inc/src/stm32f446xx_usart.o
 .debug_aranges
                0x0000000000000000       0x68 Inc/src/stm32f446xx_usart.o
 .debug_ranges  0x0000000000000000       0x58 Inc/src/stm32f446xx_usart.o
 .debug_macro   0x0000000000000000       0xae Inc/src/stm32f446xx_usart.o
 .debug_macro   0x0000000000000000      0xa66 Inc/src/stm32f446xx_usart.o
 .debug_macro   0x0000000000000000       0x22 Inc/src/stm32f446xx_usart.o
 .debug_macro   0x0000000000000000       0x8e Inc/src/stm32f446xx_usart.o
 .debug_macro   0x0000000000000000       0x51 Inc/src/stm32f446xx_usart.o
 .debug_macro   0x0000000000000000       0xef Inc/src/stm32f446xx_usart.o
 .debug_macro   0x0000000000000000       0x6a Inc/src/stm32f446xx_usart.o
 .debug_macro   0x0000000000000000      0x1df Inc/src/stm32f446xx_usart.o
 .debug_macro   0x0000000000000000      0x174 Inc/src/stm32f446xx_usart.o
 .debug_macro   0x0000000000000000      0x505 Inc/src/stm32f446xx_usart.o
 .debug_macro   0x0000000000000000       0xc4 Inc/src/stm32f446xx_usart.o
 .debug_macro   0x0000000000000000       0xd0 Inc/src/stm32f446xx_usart.o
 .debug_macro   0x0000000000000000      0x1dd Inc/src/stm32f446xx_usart.o
 .debug_line    0x0000000000000000      0x5ae Inc/src/stm32f446xx_usart.o
 .debug_str     0x0000000000000000     0x6907 Inc/src/stm32f446xx_usart.o
 .comment       0x0000000000000000       0x7c Inc/src/stm32f446xx_usart.o
 .debug_frame   0x0000000000000000      0x190 Inc/src/stm32f446xx_usart.o
 .ARM.attributes
                0x0000000000000000       0x39 Inc/src/stm32f446xx_usart.o
 .group         0x0000000000000000        0xc Src/001ToggleLed.o
 .text          0x0000000000000000        0x0 Src/001ToggleLed.o
 .data          0x0000000000000000        0x0 Src/001ToggleLed.o
 .bss           0x0000000000000000        0x0 Src/001ToggleLed.o
 .debug_info    0x0000000000000000       0x21 Src/001ToggleLed.o
 .debug_abbrev  0x0000000000000000       0x13 Src/001ToggleLed.o
 .debug_aranges
                0x0000000000000000       0x18 Src/001ToggleLed.o
 .debug_macro   0x0000000000000000       0x11 Src/001ToggleLed.o
 .debug_macro   0x0000000000000000      0xa66 Src/001ToggleLed.o
 .debug_line    0x0000000000000000       0x36 Src/001ToggleLed.o
 .debug_str     0x0000000000000000     0x2cff Src/001ToggleLed.o
 .comment       0x0000000000000000       0x7c Src/001ToggleLed.o
 .ARM.attributes
                0x0000000000000000       0x39 Src/001ToggleLed.o
 .group         0x0000000000000000        0xc Src/002led_button.o
 .text          0x0000000000000000        0x0 Src/002led_button.o
 .data          0x0000000000000000        0x0 Src/002led_button.o
 .bss           0x0000000000000000        0x0 Src/002led_button.o
 .debug_info    0x0000000000000000       0x21 Src/002led_button.o
 .debug_abbrev  0x0000000000000000       0x13 Src/002led_button.o
 .debug_aranges
                0x0000000000000000       0x18 Src/002led_button.o
 .debug_macro   0x0000000000000000       0x11 Src/002led_button.o
 .debug_macro   0x0000000000000000      0xa66 Src/002led_button.o
 .debug_line    0x0000000000000000       0x37 Src/002led_button.o
 .debug_str     0x0000000000000000     0x2d00 Src/002led_button.o
 .comment       0x0000000000000000       0x7c Src/002led_button.o
 .ARM.attributes
                0x0000000000000000       0x39 Src/002led_button.o
 .group         0x0000000000000000        0xc Src/003led_button_ext.o
 .text          0x0000000000000000        0x0 Src/003led_button_ext.o
 .data          0x0000000000000000        0x0 Src/003led_button_ext.o
 .bss           0x0000000000000000        0x0 Src/003led_button_ext.o
 .debug_info    0x0000000000000000       0x21 Src/003led_button_ext.o
 .debug_abbrev  0x0000000000000000       0x13 Src/003led_button_ext.o
 .debug_aranges
                0x0000000000000000       0x18 Src/003led_button_ext.o
 .debug_macro   0x0000000000000000       0x11 Src/003led_button_ext.o
 .debug_macro   0x0000000000000000      0xa66 Src/003led_button_ext.o
 .debug_line    0x0000000000000000       0x3b Src/003led_button_ext.o
 .debug_str     0x0000000000000000     0x2d04 Src/003led_button_ext.o
 .comment       0x0000000000000000       0x7c Src/003led_button_ext.o
 .ARM.attributes
                0x0000000000000000       0x39 Src/003led_button_ext.o
 .group         0x0000000000000000        0xc Src/004Interrupt.o
 .text          0x0000000000000000        0x0 Src/004Interrupt.o
 .data          0x0000000000000000        0x0 Src/004Interrupt.o
 .bss           0x0000000000000000        0x0 Src/004Interrupt.o
 .debug_info    0x0000000000000000       0x21 Src/004Interrupt.o
 .debug_abbrev  0x0000000000000000       0x13 Src/004Interrupt.o
 .debug_aranges
                0x0000000000000000       0x18 Src/004Interrupt.o
 .debug_macro   0x0000000000000000       0x11 Src/004Interrupt.o
 .debug_macro   0x0000000000000000      0xa66 Src/004Interrupt.o
 .debug_line    0x0000000000000000       0x36 Src/004Interrupt.o
 .debug_str     0x0000000000000000     0x2cff Src/004Interrupt.o
 .comment       0x0000000000000000       0x7c Src/004Interrupt.o
 .ARM.attributes
                0x0000000000000000       0x39 Src/004Interrupt.o
 .group         0x0000000000000000        0xc Src/005spi_Tx_only.o
 .text          0x0000000000000000        0x0 Src/005spi_Tx_only.o
 .data          0x0000000000000000        0x0 Src/005spi_Tx_only.o
 .bss           0x0000000000000000        0x0 Src/005spi_Tx_only.o
 .debug_info    0x0000000000000000       0x21 Src/005spi_Tx_only.o
 .debug_abbrev  0x0000000000000000       0x13 Src/005spi_Tx_only.o
 .debug_aranges
                0x0000000000000000       0x18 Src/005spi_Tx_only.o
 .debug_macro   0x0000000000000000       0x11 Src/005spi_Tx_only.o
 .debug_macro   0x0000000000000000      0xa66 Src/005spi_Tx_only.o
 .debug_line    0x0000000000000000       0x38 Src/005spi_Tx_only.o
 .debug_str     0x0000000000000000     0x2d01 Src/005spi_Tx_only.o
 .comment       0x0000000000000000       0x7c Src/005spi_Tx_only.o
 .ARM.attributes
                0x0000000000000000       0x39 Src/005spi_Tx_only.o
 .group         0x0000000000000000        0xc Src/006spi_TxOnly_ArduinoSlave.o
 .text          0x0000000000000000        0x0 Src/006spi_TxOnly_ArduinoSlave.o
 .data          0x0000000000000000        0x0 Src/006spi_TxOnly_ArduinoSlave.o
 .bss           0x0000000000000000        0x0 Src/006spi_TxOnly_ArduinoSlave.o
 .debug_info    0x0000000000000000       0x21 Src/006spi_TxOnly_ArduinoSlave.o
 .debug_abbrev  0x0000000000000000       0x13 Src/006spi_TxOnly_ArduinoSlave.o
 .debug_aranges
                0x0000000000000000       0x18 Src/006spi_TxOnly_ArduinoSlave.o
 .debug_macro   0x0000000000000000       0x11 Src/006spi_TxOnly_ArduinoSlave.o
 .debug_macro   0x0000000000000000      0xa66 Src/006spi_TxOnly_ArduinoSlave.o
 .debug_line    0x0000000000000000       0x44 Src/006spi_TxOnly_ArduinoSlave.o
 .debug_str     0x0000000000000000     0x2d0d Src/006spi_TxOnly_ArduinoSlave.o
 .comment       0x0000000000000000       0x7c Src/006spi_TxOnly_ArduinoSlave.o
 .ARM.attributes
                0x0000000000000000       0x39 Src/006spi_TxOnly_ArduinoSlave.o
 .group         0x0000000000000000        0xc Src/007spi_cmd_handling.o
 .group         0x0000000000000000        0xc Src/007spi_cmd_handling.o
 .group         0x0000000000000000        0xc Src/007spi_cmd_handling.o
 .group         0x0000000000000000        0xc Src/007spi_cmd_handling.o
 .group         0x0000000000000000        0xc Src/007spi_cmd_handling.o
 .group         0x0000000000000000        0xc Src/007spi_cmd_handling.o
 .group         0x0000000000000000        0xc Src/007spi_cmd_handling.o
 .group         0x0000000000000000        0xc Src/007spi_cmd_handling.o
 .group         0x0000000000000000        0xc Src/007spi_cmd_handling.o
 .group         0x0000000000000000        0xc Src/007spi_cmd_handling.o
 .group         0x0000000000000000        0xc Src/007spi_cmd_handling.o
 .group         0x0000000000000000        0xc Src/007spi_cmd_handling.o
 .group         0x0000000000000000        0xc Src/007spi_cmd_handling.o
 .group         0x0000000000000000        0xc Src/007spi_cmd_handling.o
 .group         0x0000000000000000        0xc Src/007spi_cmd_handling.o
 .group         0x0000000000000000        0xc Src/007spi_cmd_handling.o
 .group         0x0000000000000000        0xc Src/007spi_cmd_handling.o
 .group         0x0000000000000000        0xc Src/007spi_cmd_handling.o
 .group         0x0000000000000000        0xc Src/007spi_cmd_handling.o
 .group         0x0000000000000000        0xc Src/007spi_cmd_handling.o
 .group         0x0000000000000000        0xc Src/007spi_cmd_handling.o
 .group         0x0000000000000000        0xc Src/007spi_cmd_handling.o
 .group         0x0000000000000000        0xc Src/007spi_cmd_handling.o
 .group         0x0000000000000000        0xc Src/007spi_cmd_handling.o
 .group         0x0000000000000000        0xc Src/007spi_cmd_handling.o
 .text          0x0000000000000000        0x0 Src/007spi_cmd_handling.o
 .data          0x0000000000000000        0x0 Src/007spi_cmd_handling.o
 .bss           0x0000000000000000        0x0 Src/007spi_cmd_handling.o
 .debug_macro   0x0000000000000000      0xa66 Src/007spi_cmd_handling.o
 .debug_macro   0x0000000000000000       0x22 Src/007spi_cmd_handling.o
 .debug_macro   0x0000000000000000       0x8e Src/007spi_cmd_handling.o
 .debug_macro   0x0000000000000000       0x51 Src/007spi_cmd_handling.o
 .debug_macro   0x0000000000000000       0xef Src/007spi_cmd_handling.o
 .debug_macro   0x0000000000000000       0x6a Src/007spi_cmd_handling.o
 .debug_macro   0x0000000000000000      0x1df Src/007spi_cmd_handling.o
 .debug_macro   0x0000000000000000      0x174 Src/007spi_cmd_handling.o
 .debug_macro   0x0000000000000000      0x505 Src/007spi_cmd_handling.o
 .debug_macro   0x0000000000000000       0xc4 Src/007spi_cmd_handling.o
 .debug_macro   0x0000000000000000       0xd0 Src/007spi_cmd_handling.o
 .debug_macro   0x0000000000000000      0x1dd Src/007spi_cmd_handling.o
 .group         0x0000000000000000        0xc Src/main.o
 .text          0x0000000000000000        0x0 Src/main.o
 .data          0x0000000000000000        0x0 Src/main.o
 .bss           0x0000000000000000        0x0 Src/main.o
 .debug_info    0x0000000000000000       0x21 Src/main.o
 .debug_abbrev  0x0000000000000000       0x13 Src/main.o
 .debug_aranges
                0x0000000000000000       0x18 Src/main.o
 .debug_macro   0x0000000000000000       0x11 Src/main.o
 .debug_macro   0x0000000000000000      0xa66 Src/main.o
 .debug_line    0x0000000000000000       0x2e Src/main.o
 .debug_str     0x0000000000000000     0x2cf7 Src/main.o
 .comment       0x0000000000000000       0x7c Src/main.o
 .ARM.attributes
                0x0000000000000000       0x39 Src/main.o
 .group         0x0000000000000000        0xc Src/syscalls.o
 .group         0x0000000000000000        0xc Src/syscalls.o
 .group         0x0000000000000000        0xc Src/syscalls.o
 .group         0x0000000000000000        0xc Src/syscalls.o
 .group         0x0000000000000000        0xc Src/syscalls.o
 .group         0x0000000000000000        0xc Src/syscalls.o
 .group         0x0000000000000000        0xc Src/syscalls.o
 .group         0x0000000000000000        0xc Src/syscalls.o
 .group         0x0000000000000000        0xc Src/syscalls.o
 .group         0x0000000000000000        0xc Src/syscalls.o
 .group         0x0000000000000000        0xc Src/syscalls.o
 .group         0x0000000000000000        0xc Src/syscalls.o
 .group         0x0000000000000000        0xc Src/syscalls.o
 .group         0x0000000000000000        0xc Src/syscalls.o
 .group         0x0000000000000000        0xc Src/syscalls.o
 .group         0x0000000000000000        0xc Src/syscalls.o
 .group         0x0000000000000000        0xc Src/syscalls.o
 .group         0x0000000000000000        0xc Src/syscalls.o
 .group         0x0000000000000000        0xc Src/syscalls.o
 .group         0x0000000000000000        0xc Src/syscalls.o
 .group         0x0000000000000000        0xc Src/syscalls.o
 .group         0x0000000000000000        0xc Src/syscalls.o
 .group         0x0000000000000000        0xc Src/syscalls.o
 .group         0x0000000000000000        0xc Src/syscalls.o
 .group         0x0000000000000000        0xc Src/syscalls.o
 .group         0x0000000000000000        0xc Src/syscalls.o
 .group         0x0000000000000000        0xc Src/syscalls.o
 .group         0x0000000000000000        0xc Src/syscalls.o
 .group         0x0000000000000000        0xc Src/syscalls.o
 .group         0x0000000000000000        0xc Src/syscalls.o
 .group         0x0000000000000000        0xc Src/syscalls.o
 .group         0x0000000000000000        0xc Src/syscalls.o
 .group         0x0000000000000000        0xc Src/syscalls.o
 .group         0x0000000000000000        0xc Src/syscalls.o
 .group         0x0000000000000000        0xc Src/syscalls.o
 .group         0x0000000000000000        0xc Src/syscalls.o
 .group         0x0000000000000000        0xc Src/syscalls.o
 .group         0x0000000000000000        0xc Src/syscalls.o
 .group         0x0000000000000000        0xc Src/syscalls.o
 .group         0x0000000000000000        0xc Src/syscalls.o
 .group         0x0000000000000000        0xc Src/syscalls.o
 .group         0x0000000000000000        0xc Src/syscalls.o
 .group         0x0000000000000000        0xc Src/syscalls.o
 .group         0x0000000000000000        0xc Src/syscalls.o
 .text          0x0000000000000000        0x0 Src/syscalls.o
 .data          0x0000000000000000        0x0 Src/syscalls.o
 .bss           0x0000000000000000        0x0 Src/syscalls.o
 .bss.__env     0x0000000000000000        0x4 Src/syscalls.o
 .data.environ  0x0000000000000000        0x4 Src/syscalls.o
 .text.initialise_monitor_handles
                0x0000000000000000        0xe Src/syscalls.o
 .text._getpid  0x0000000000000000       0x10 Src/syscalls.o
 .text._kill    0x0000000000000000       0x20 Src/syscalls.o
 .text._exit    0x0000000000000000       0x14 Src/syscalls.o
 .text._read    0x0000000000000000       0x3a Src/syscalls.o
 .text._write   0x0000000000000000       0x38 Src/syscalls.o
 .text._close   0x0000000000000000       0x18 Src/syscalls.o
 .text._fstat   0x0000000000000000       0x20 Src/syscalls.o
 .text._isatty  0x0000000000000000       0x16 Src/syscalls.o
 .text._lseek   0x0000000000000000       0x1a Src/syscalls.o
 .text._open    0x0000000000000000       0x1c Src/syscalls.o
 .text._wait    0x0000000000000000       0x1e Src/syscalls.o
 .text._unlink  0x0000000000000000       0x1e Src/syscalls.o
 .text._times   0x0000000000000000       0x18 Src/syscalls.o
 .text._stat    0x0000000000000000       0x20 Src/syscalls.o
 .text._link    0x0000000000000000       0x20 Src/syscalls.o
 .text._fork    0x0000000000000000       0x16 Src/syscalls.o
 .text._execve  0x0000000000000000       0x22 Src/syscalls.o
 .debug_info    0x0000000000000000      0xebd Src/syscalls.o
 .debug_abbrev  0x0000000000000000      0x261 Src/syscalls.o
 .debug_aranges
                0x0000000000000000       0xa8 Src/syscalls.o
 .debug_ranges  0x0000000000000000       0x98 Src/syscalls.o
 .debug_macro   0x0000000000000000      0x243 Src/syscalls.o
 .debug_macro   0x0000000000000000      0xa66 Src/syscalls.o
 .debug_macro   0x0000000000000000       0x22 Src/syscalls.o
 .debug_macro   0x0000000000000000       0x40 Src/syscalls.o
 .debug_macro   0x0000000000000000       0x18 Src/syscalls.o
 .debug_macro   0x0000000000000000       0x94 Src/syscalls.o
 .debug_macro   0x0000000000000000       0x3c Src/syscalls.o
 .debug_macro   0x0000000000000000       0x34 Src/syscalls.o
 .debug_macro   0x0000000000000000       0x57 Src/syscalls.o
 .debug_macro   0x0000000000000000      0x174 Src/syscalls.o
 .debug_macro   0x0000000000000000      0x330 Src/syscalls.o
 .debug_macro   0x0000000000000000       0x52 Src/syscalls.o
 .debug_macro   0x0000000000000000       0x1f Src/syscalls.o
 .debug_macro   0x0000000000000000       0x43 Src/syscalls.o
 .debug_macro   0x0000000000000000       0x20 Src/syscalls.o
 .debug_macro   0x0000000000000000      0x1a3 Src/syscalls.o
 .debug_macro   0x0000000000000000       0x10 Src/syscalls.o
 .debug_macro   0x0000000000000000       0x35 Src/syscalls.o
 .debug_macro   0x0000000000000000       0x10 Src/syscalls.o
 .debug_macro   0x0000000000000000       0x10 Src/syscalls.o
 .debug_macro   0x0000000000000000       0x10 Src/syscalls.o
 .debug_macro   0x0000000000000000       0x6a Src/syscalls.o
 .debug_macro   0x0000000000000000       0x1c Src/syscalls.o
 .debug_macro   0x0000000000000000       0x52 Src/syscalls.o
 .debug_macro   0x0000000000000000       0x40 Src/syscalls.o
 .debug_macro   0x0000000000000000       0x10 Src/syscalls.o
 .debug_macro   0x0000000000000000       0x40 Src/syscalls.o
 .debug_macro   0x0000000000000000       0xd7 Src/syscalls.o
 .debug_macro   0x0000000000000000       0x1c Src/syscalls.o
 .debug_macro   0x0000000000000000       0x3d Src/syscalls.o
 .debug_macro   0x0000000000000000       0x35 Src/syscalls.o
 .debug_macro   0x0000000000000000      0x122 Src/syscalls.o
 .debug_macro   0x0000000000000000       0x16 Src/syscalls.o
 .debug_macro   0x0000000000000000       0x16 Src/syscalls.o
 .debug_macro   0x0000000000000000       0x29 Src/syscalls.o
 .debug_macro   0x0000000000000000       0x10 Src/syscalls.o
 .debug_macro   0x0000000000000000      0x241 Src/syscalls.o
 .debug_macro   0x0000000000000000       0x1c Src/syscalls.o
 .debug_macro   0x0000000000000000       0x10 Src/syscalls.o
 .debug_macro   0x0000000000000000       0x10 Src/syscalls.o
 .debug_macro   0x0000000000000000       0x16 Src/syscalls.o
 .debug_macro   0x0000000000000000      0x145 Src/syscalls.o
 .debug_macro   0x0000000000000000      0x189 Src/syscalls.o
 .debug_macro   0x0000000000000000       0x16 Src/syscalls.o
 .debug_macro   0x0000000000000000       0x88 Src/syscalls.o
 .debug_line    0x0000000000000000      0x70c Src/syscalls.o
 .debug_str     0x0000000000000000     0x889e Src/syscalls.o
 .comment       0x0000000000000000       0x7c Src/syscalls.o
 .debug_frame   0x0000000000000000      0x2ac Src/syscalls.o
 .ARM.attributes
                0x0000000000000000       0x39 Src/syscalls.o
 .group         0x0000000000000000        0xc Src/sysmem.o
 .group         0x0000000000000000        0xc Src/sysmem.o
 .group         0x0000000000000000        0xc Src/sysmem.o
 .group         0x0000000000000000        0xc Src/sysmem.o
 .group         0x0000000000000000        0xc Src/sysmem.o
 .group         0x0000000000000000        0xc Src/sysmem.o
 .group         0x0000000000000000        0xc Src/sysmem.o
 .group         0x0000000000000000        0xc Src/sysmem.o
 .group         0x0000000000000000        0xc Src/sysmem.o
 .group         0x0000000000000000        0xc Src/sysmem.o
 .group         0x0000000000000000        0xc Src/sysmem.o
 .group         0x0000000000000000        0xc Src/sysmem.o
 .group         0x0000000000000000        0xc Src/sysmem.o
 .group         0x0000000000000000        0xc Src/sysmem.o
 .group         0x0000000000000000        0xc Src/sysmem.o
 .group         0x0000000000000000        0xc Src/sysmem.o
 .group         0x0000000000000000        0xc Src/sysmem.o
 .group         0x0000000000000000        0xc Src/sysmem.o
 .group         0x0000000000000000        0xc Src/sysmem.o
 .text          0x0000000000000000        0x0 Src/sysmem.o
 .data          0x0000000000000000        0x0 Src/sysmem.o
 .bss           0x0000000000000000        0x0 Src/sysmem.o
 .bss.__sbrk_heap_end
                0x0000000000000000        0x4 Src/sysmem.o
 .text._sbrk    0x0000000000000000       0x6c Src/sysmem.o
 .debug_info    0x0000000000000000      0x985 Src/sysmem.o
 .debug_abbrev  0x0000000000000000      0x19b Src/sysmem.o
 .debug_aranges
                0x0000000000000000       0x20 Src/sysmem.o
 .debug_ranges  0x0000000000000000       0x10 Src/sysmem.o
 .debug_macro   0x0000000000000000       0xee Src/sysmem.o
 .debug_macro   0x0000000000000000      0xa66 Src/sysmem.o
 .debug_macro   0x0000000000000000       0x10 Src/sysmem.o
 .debug_macro   0x0000000000000000       0x22 Src/sysmem.o
 .debug_macro   0x0000000000000000       0x40 Src/sysmem.o
 .debug_macro   0x0000000000000000       0x18 Src/sysmem.o
 .debug_macro   0x0000000000000000       0x94 Src/sysmem.o
 .debug_macro   0x0000000000000000       0x3c Src/sysmem.o
 .debug_macro   0x0000000000000000       0x34 Src/sysmem.o
 .debug_macro   0x0000000000000000      0x174 Src/sysmem.o
 .debug_macro   0x0000000000000000       0x57 Src/sysmem.o
 .debug_macro   0x0000000000000000       0x52 Src/sysmem.o
 .debug_macro   0x0000000000000000       0x1f Src/sysmem.o
 .debug_macro   0x0000000000000000       0x43 Src/sysmem.o
 .debug_macro   0x0000000000000000       0x20 Src/sysmem.o
 .debug_macro   0x0000000000000000      0x1a3 Src/sysmem.o
 .debug_macro   0x0000000000000000      0x23b Src/sysmem.o
 .debug_macro   0x0000000000000000       0xef Src/sysmem.o
 .debug_macro   0x0000000000000000       0x6a Src/sysmem.o
 .debug_macro   0x0000000000000000      0x1df Src/sysmem.o
 .debug_line    0x0000000000000000      0x495 Src/sysmem.o
 .debug_str     0x0000000000000000     0x5f6c Src/sysmem.o
 .comment       0x0000000000000000       0x7c Src/sysmem.o
 .debug_frame   0x0000000000000000       0x34 Src/sysmem.o
 .ARM.attributes
                0x0000000000000000       0x39 Src/sysmem.o
 .text          0x0000000000000000       0x14 Startup/startup_stm32f446retx.o
 .data          0x0000000000000000        0x0 Startup/startup_stm32f446retx.o
 .bss           0x0000000000000000        0x0 Startup/startup_stm32f446retx.o
 .text          0x0000000000000000        0x0 /opt/st/stm32cubeide_1.5.0/plugins/com.st.stm32cube.ide.mcu.externaltools.gnu-tools-for-stm32.7-2018-q2-update.linux64_1.5.0.202011040924/tools/bin/../lib/gcc/arm-none-eabi/7.3.1/../../../../arm-none-eabi/lib/thumb/v7e-m/fpv4-sp/hard/libc_nano.a(lib_a-errno.o)
 .data          0x0000000000000000        0x0 /opt/st/stm32cubeide_1.5.0/plugins/com.st.stm32cube.ide.mcu.externaltools.gnu-tools-for-stm32.7-2018-q2-update.linux64_1.5.0.202011040924/tools/bin/../lib/gcc/arm-none-eabi/7.3.1/../../../../arm-none-eabi/lib/thumb/v7e-m/fpv4-sp/hard/libc_nano.a(lib_a-errno.o)
 .bss           0x0000000000000000        0x0 /opt/st/stm32cubeide_1.5.0/plugins/com.st.stm32cube.ide.mcu.externaltools.gnu-tools-for-stm32.7-2018-q2-update.linux64_1.5.0.202011040924/tools/bin/../lib/gcc/arm-none-eabi/7.3.1/../../../../arm-none-eabi/lib/thumb/v7e-m/fpv4-sp/hard/libc_nano.a(lib_a-errno.o)
 .text.__errno  0x0000000000000000        0xc /opt/st/stm32cubeide_1.5.0/plugins/com.st.stm32cube.ide.mcu.externaltools.gnu-tools-for-stm32.7-2018-q2-update.linux64_1.5.0.202011040924/tools/bin/../lib/gcc/arm-none-eabi/7.3.1/../../../../arm-none-eabi/lib/thumb/v7e-m/fpv4-sp/hard/libc_nano.a(lib_a-errno.o)
 .debug_frame   0x0000000000000000       0x20 /opt/st/stm32cubeide_1.5.0/plugins/com.st.stm32cube.ide.mcu.externaltools.gnu-tools-for-stm32.7-2018-q2-update.linux64_1.5.0.202011040924/tools/bin/../lib/gcc/arm-none-eabi/7.3.1/../../../../arm-none-eabi/lib/thumb/v7e-m/fpv4-sp/hard/libc_nano.a(lib_a-errno.o)
 .ARM.attributes
                0x0000000000000000       0x34 /opt/st/stm32cubeide_1.5.0/plugins/com.st.stm32cube.ide.mcu.externaltools.gnu-tools-for-stm32.7-2018-q2-update.linux64_1.5.0.202011040924/tools/bin/../lib/gcc/arm-none-eabi/7.3.1/../../../../arm-none-eabi/lib/thumb/v7e-m/fpv4-sp/hard/libc_nano.a(lib_a-errno.o)
 .text          0x0000000000000000        0x0 /opt/st/stm32cubeide_1.5.0/plugins/com.st.stm32cube.ide.mcu.externaltools.gnu-tools-for-stm32.7-2018-q2-update.linux64_1.5.0.202011040924/tools/bin/../lib/gcc/arm-none-eabi/7.3.1/../../../../arm-none-eabi/lib/thumb/v7e-m/fpv4-sp/hard/libc_nano.a(lib_a-exit.o)
 .data          0x0000000000000000        0x0 /opt/st/stm32cubeide_1.5.0/plugins/com.st.stm32cube.ide.mcu.externaltools.gnu-tools-for-stm32.7-2018-q2-update.linux64_1.5.0.202011040924/tools/bin/../lib/gcc/arm-none-eabi/7.3.1/../../../../arm-none-eabi/lib/thumb/v7e-m/fpv4-sp/hard/libc_nano.a(lib_a-exit.o)
 .bss           0x0000000000000000        0x0 /opt/st/stm32cubeide_1.5.0/plugins/com.st.stm32cube.ide.mcu.externaltools.gnu-tools-for-stm32.7-2018-q2-update.linux64_1.5.0.202011040924/tools/bin/../lib/gcc/arm-none-eabi/7.3.1/../../../../arm-none-eabi/lib/thumb/v7e-m/fpv4-sp/hard/libc_nano.a(lib_a-exit.o)
 .text.exit     0x0000000000000000       0x28 /opt/st/stm32cubeide_1.5.0/plugins/com.st.stm32cube.ide.mcu.externaltools.gnu-tools-for-stm32.7-2018-q2-update.linux64_1.5.0.202011040924/tools/bin/../lib/gcc/arm-none-eabi/7.3.1/../../../../arm-none-eabi/lib/thumb/v7e-m/fpv4-sp/hard/libc_nano.a(lib_a-exit.o)
 .debug_frame   0x0000000000000000       0x28 /opt/st/stm32cubeide_1.5.0/plugins/com.st.stm32cube.ide.mcu.externaltools.gnu-tools-for-stm32.7-2018-q2-update.linux64_1.5.0.202011040924/tools/bin/../lib/gcc/arm-none-eabi/7.3.1/../../../../arm-none-eabi/lib/thumb/v7e-m/fpv4-sp/hard/libc_nano.a(lib_a-exit.o)
 .ARM.attributes
                0x0000000000000000       0x34 /opt/st/stm32cubeide_1.5.0/plugins/com.st.stm32cube.ide.mcu.externaltools.gnu-tools-for-stm32.7-2018-q2-update.linux64_1.5.0.202011040924/tools/bin/../lib/gcc/arm-none-eabi/7.3.1/../../../../arm-none-eabi/lib/thumb/v7e-m/fpv4-sp/hard/libc_nano.a(lib_a-exit.o)
 .text          0x0000000000000000        0x0 /opt/st/stm32cubeide_1.5.0/plugins/com.st.stm32cube.ide.mcu.externaltools.gnu-tools-for-stm32.7-2018-q2-update.linux64_1.5.0.202011040924/tools/bin/../lib/gcc/arm-none-eabi/7.3.1/../../../../arm-none-eabi/lib/thumb/v7e-m/fpv4-sp/hard/libc_nano.a(lib_a-impure.o)
 .data          0x0000000000000000        0x0 /opt/st/stm32cubeide_1.5.0/plugins/com.st.stm32cube.ide.mcu.externaltools.gnu-tools-for-stm32.7-2018-q2-update.linux64_1.5.0.202011040924/tools/bin/../lib/gcc/arm-none-eabi/7.3.1/../../../../arm-none-eabi/lib/thumb/v7e-m/fpv4-sp/hard/libc_nano.a(lib_a-impure.o)
 .bss           0x0000000000000000        0x0 /opt/st/stm32cubeide_1.5.0/plugins/com.st.stm32cube.ide.mcu.externaltools.gnu-tools-for-stm32.7-2018-q2-update.linux64_1.5.0.202011040924/tools/bin/../lib/gcc/arm-none-eabi/7.3.1/../../../../arm-none-eabi/lib/thumb/v7e-m/fpv4-sp/hard/libc_nano.a(lib_a-impure.o)
 .data._impure_ptr
                0x0000000000000000        0x4 /opt/st/stm32cubeide_1.5.0/plugins/com.st.stm32cube.ide.mcu.externaltools.gnu-tools-for-stm32.7-2018-q2-update.linux64_1.5.0.202011040924/tools/bin/../lib/gcc/arm-none-eabi/7.3.1/../../../../arm-none-eabi/lib/thumb/v7e-m/fpv4-sp/hard/libc_nano.a(lib_a-impure.o)
 .data.impure_data
                0x0000000000000000       0x60 /opt/st/stm32cubeide_1.5.0/plugins/com.st.stm32cube.ide.mcu.externaltools.gnu-tools-for-stm32.7-2018-q2-update.linux64_1.5.0.202011040924/tools/bin/../lib/gcc/arm-none-eabi/7.3.1/../../../../arm-none-eabi/lib/thumb/v7e-m/fpv4-sp/hard/libc_nano.a(lib_a-impure.o)
 .rodata._global_impure_ptr
                0x0000000000000000        0x4 /opt/st/stm32cubeide_1.5.0/plugins/com.st.stm32cube.ide.mcu.externaltools.gnu-tools-for-stm32.7-2018-q2-update.linux64_1.5.0.202011040924/tools/bin/../lib/gcc/arm-none-eabi/7.3.1/../../../../arm-none-eabi/lib/thumb/v7e-m/fpv4-sp/hard/libc_nano.a(lib_a-impure.o)
 .ARM.attributes
                0x0000000000000000       0x34 /opt/st/stm32cubeide_1.5.0/plugins/com.st.stm32cube.ide.mcu.externaltools.gnu-tools-for-stm32.7-2018-q2-update.linux64_1.5.0.202011040924/tools/bin/../lib/gcc/arm-none-eabi/7.3.1/../../../../arm-none-eabi/lib/thumb/v7e-m/fpv4-sp/hard/libc_nano.a(lib_a-impure.o)
 .text          0x0000000000000000        0x0 /opt/st/stm32cubeide_1.5.0/plugins/com.st.stm32cube.ide.mcu.externaltools.gnu-tools-for-stm32.7-2018-q2-update.linux64_1.5.0.202011040924/tools/bin/../lib/gcc/arm-none-eabi/7.3.1/../../../../arm-none-eabi/lib/thumb/v7e-m/fpv4-sp/hard/libc_nano.a(lib_a-init.o)
 .data          0x0000000000000000        0x0 /opt/st/stm32cubeide_1.5.0/plugins/com.st.stm32cube.ide.mcu.externaltools.gnu-tools-for-stm32.7-2018-q2-update.linux64_1.5.0.202011040924/tools/bin/../lib/gcc/arm-none-eabi/7.3.1/../../../../arm-none-eabi/lib/thumb/v7e-m/fpv4-sp/hard/libc_nano.a(lib_a-init.o)
 .bss           0x0000000000000000        0x0 /opt/st/stm32cubeide_1.5.0/plugins/com.st.stm32cube.ide.mcu.externaltools.gnu-tools-for-stm32.7-2018-q2-update.linux64_1.5.0.202011040924/tools/bin/../lib/gcc/arm-none-eabi/7.3.1/../../../../arm-none-eabi/lib/thumb/v7e-m/fpv4-sp/hard/libc_nano.a(lib_a-init.o)
 .text          0x0000000000000000        0x0 /opt/st/stm32cubeide_1.5.0/plugins/com.st.stm32cube.ide.mcu.externaltools.gnu-tools-for-stm32.7-2018-q2-update.linux64_1.5.0.202011040924/tools/bin/../lib/gcc/arm-none-eabi/7.3.1/../../../../arm-none-eabi/lib/thumb/v7e-m/fpv4-sp/hard/libc_nano.a(lib_a-memset.o)
 .data          0x0000000000000000        0x0 /opt/st/stm32cubeide_1.5.0/plugins/com.st.stm32cube.ide.mcu.externaltools.gnu-tools-for-stm32.7-2018-q2-update.linux64_1.5.0.202011040924/tools/bin/../lib/gcc/arm-none-eabi/7.3.1/../../../../arm-none-eabi/lib/thumb/v7e-m/fpv4-sp/hard/libc_nano.a(lib_a-memset.o)
 .bss           0x0000000000000000        0x0 /opt/st/stm32cubeide_1.5.0/plugins/com.st.stm32cube.ide.mcu.externaltools.gnu-tools-for-stm32.7-2018-q2-update.linux64_1.5.0.202011040924/tools/bin/../lib/gcc/arm-none-eabi/7.3.1/../../../../arm-none-eabi/lib/thumb/v7e-m/fpv4-sp/hard/libc_nano.a(lib_a-memset.o)
 .data          0x0000000000000000        0x0 /opt/st/stm32cubeide_1.5.0/plugins/com.st.stm32cube.ide.mcu.externaltools.gnu-tools-for-stm32.7-2018-q2-update.linux64_1.5.0.202011040924/tools/bin/../lib/gcc/arm-none-eabi/7.3.1/../../../../arm-none-eabi/lib/thumb/v7e-m/fpv4-sp/hard/libc_nano.a(lib_a-strlen.o)
 .bss           0x0000000000000000        0x0 /opt/st/stm32cubeide_1.5.0/plugins/com.st.stm32cube.ide.mcu.externaltools.gnu-tools-for-stm32.7-2018-q2-update.linux64_1.5.0.202011040924/tools/bin/../lib/gcc/arm-none-eabi/7.3.1/../../../../arm-none-eabi/lib/thumb/v7e-m/fpv4-sp/hard/libc_nano.a(lib_a-strlen.o)
 .text          0x0000000000000000        0x0 /opt/st/stm32cubeide_1.5.0/plugins/com.st.stm32cube.ide.mcu.externaltools.gnu-tools-for-stm32.7-2018-q2-update.linux64_1.5.0.202011040924/tools/bin/../lib/gcc/arm-none-eabi/7.3.1/thumb/v7e-m/fpv4-sp/hard/crtend.o
 .data          0x0000000000000000        0x0 /opt/st/stm32cubeide_1.5.0/plugins/com.st.stm32cube.ide.mcu.externaltools.gnu-tools-for-stm32.7-2018-q2-update.linux64_1.5.0.202011040924/tools/bin/../lib/gcc/arm-none-eabi/7.3.1/thumb/v7e-m/fpv4-sp/hard/crtend.o
 .bss           0x0000000000000000        0x0 /opt/st/stm32cubeide_1.5.0/plugins/com.st.stm32cube.ide.mcu.externaltools.gnu-tools-for-stm32.7-2018-q2-update.linux64_1.5.0.202011040924/tools/bin/../lib/gcc/arm-none-eabi/7.3.1/thumb/v7e-m/fpv4-sp/hard/crtend.o
 .eh_frame      0x0000000000000000        0x4 /opt/st/stm32cubeide_1.5.0/plugins/com.st.stm32cube.ide.mcu.externaltools.gnu-tools-for-stm32.7-2018-q2-update.linux64_1.5.0.202011040924/tools/bin/../lib/gcc/arm-none-eabi/7.3.1/thumb/v7e-m/fpv4-sp/hard/crtend.o
 .ARM.attributes
                0x0000000000000000       0x34 /opt/st/stm32cubeide_1.5.0/plugins/com.st.stm32cube.ide.mcu.externaltools.gnu-tools-for-stm32.7-2018-q2-update.linux64_1.5.0.202011040924/tools/bin/../lib/gcc/arm-none-eabi/7.3.1/thumb/v7e-m/fpv4-sp/hard/crtend.o
 .text          0x0000000000000000        0x0 /opt/st/stm32cubeide_1.5.0/plugins/com.st.stm32cube.ide.mcu.externaltools.gnu-tools-for-stm32.7-2018-q2-update.linux64_1.5.0.202011040924/tools/bin/../lib/gcc/arm-none-eabi/7.3.1/thumb/v7e-m/fpv4-sp/hard/crtn.o
 .data          0x0000000000000000        0x0 /opt/st/stm32cubeide_1.5.0/plugins/com.st.stm32cube.ide.mcu.externaltools.gnu-tools-for-stm32.7-2018-q2-update.linux64_1.5.0.202011040924/tools/bin/../lib/gcc/arm-none-eabi/7.3.1/thumb/v7e-m/fpv4-sp/hard/crtn.o
 .bss           0x0000000000000000        0x0 /opt/st/stm32cubeide_1.5.0/plugins/com.st.stm32cube.ide.mcu.externaltools.gnu-tools-for-stm32.7-2018-q2-update.linux64_1.5.0.202011040924/tools/bin/../lib/gcc/arm-none-eabi/7.3.1/thumb/v7e-m/fpv4-sp/hard/crtn.o

Memory Configuration

Name             Origin             Length             Attributes
RAM              0x0000000020000000 0x0000000000020000 xrw
FLASH            0x0000000008000000 0x0000000000080000 xr
*default*        0x0000000000000000 0xffffffffffffffff

Linker script and memory map

LOAD /opt/st/stm32cubeide_1.5.0/plugins/com.st.stm32cube.ide.mcu.externaltools.gnu-tools-for-stm32.7-2018-q2-update.linux64_1.5.0.202011040924/tools/bin/../lib/gcc/arm-none-eabi/7.3.1/thumb/v7e-m/fpv4-sp/hard/crti.o
LOAD /opt/st/stm32cubeide_1.5.0/plugins/com.st.stm32cube.ide.mcu.externaltools.gnu-tools-for-stm32.7-2018-q2-update.linux64_1.5.0.202011040924/tools/bin/../lib/gcc/arm-none-eabi/7.3.1/thumb/v7e-m/fpv4-sp/hard/crtbegin.o
LOAD /opt/st/stm32cubeide_1.5.0/plugins/com.st.stm32cube.ide.mcu.externaltools.gnu-tools-for-stm32.7-2018-q2-update.linux64_1.5.0.202011040924/tools/bin/../lib/gcc/arm-none-eabi/7.3.1/../../../../arm-none-eabi/lib/thumb/v7e-m/fpv4-sp/hard/crt0.o
LOAD Inc/src/stm32f446xx_gpio.o
LOAD Inc/src/stm32f446xx_rcc.o
LOAD Inc/src/stm32f446xx_spi.o
LOAD Inc/src/stm32f446xx_usart.o
LOAD Src/001ToggleLed.o
LOAD Src/002led_button.o
LOAD Src/003led_button_ext.o
LOAD Src/004Interrupt.o
LOAD Src/005spi_Tx_only.o
LOAD Src/006spi_TxOnly_ArduinoSlave.o
LOAD Src/007spi_cmd_handling.o
LOAD Src/main.o
LOAD Src/syscalls.o
LOAD Src/sysmem.o
LOAD Startup/startup_stm32f446retx.o
START GROUP
LOAD /opt/st/stm32cubeide_1.5.0/plugins/com.st.stm32cube.ide.mcu.externaltools.gnu-tools-for-stm32.7-2018-q2-update.linux64_1.5.0.202011040924/tools/bin/../lib/gcc/arm-none-eabi/7.3.1/../../../../arm-none-eabi/lib/thumb/v7e-m/fpv4-sp/hard/libc_nano.a
LOAD /opt/st/stm32cubeide_1.5.0/plugins/com.st.stm32cube.ide.mcu.externaltools.gnu-tools-for-stm32.7-2018-q2-update.linux64_1.5.0.202011040924/tools/bin/../lib/gcc/arm-none-eabi/7.3.1/../../../../arm-none-eabi/lib/thumb/v7e-m/fpv4-sp/hard/libm.a
END GROUP
START GROUP
LOAD /opt/st/stm32cubeide_1.5.0/plugins/com.st.stm32cube.ide.mcu.externaltools.gnu-tools-for-stm32.7-2018-q2-update.linux64_1.5.0.202011040924/tools/bin/../lib/gcc/arm-none-eabi/7.3.1/thumb/v7e-m/fpv4-sp/hard/libgcc.a
LOAD /opt/st/stm32cubeide_1.5.0/plugins/com.st.stm32cube.ide.mcu.externaltools.gnu-tools-for-stm32.7-2018-q2-update.linux64_1.5.0.202011040924/tools/bin/../lib/gcc/arm-none-eabi/7.3.1/../../../../arm-none-eabi/lib/thumb/v7e-m/fpv4-sp/hard/libc_nano.a
END GROUP
START GROUP
LOAD /opt/st/stm32cubeide_1.5.0/plugins/com.st.stm32cube.ide.mcu.externaltools.gnu-tools-for-stm32.7-2018-q2-update.linux64_1.5.0.202011040924/tools/bin/../lib/gcc/arm-none-eabi/7.3.1/thumb/v7e-m/fpv4-sp/hard/libgcc.a
LOAD /opt/st/stm32cubeide_1.5.0/plugins/com.st.stm32cube.ide.mcu.externaltools.gnu-tools-for-stm32.7-2018-q2-update.linux64_1.5.0.202011040924/tools/bin/../lib/gcc/arm-none-eabi/7.3.1/../../../../arm-none-eabi/lib/thumb/v7e-m/fpv4-sp/hard/libc_nano.a
LOAD /opt/st/stm32cubeide_1.5.0/plugins/com.st.stm32cube.ide.mcu.externaltools.gnu-tools-for-stm32.7-2018-q2-update.linux64_1.5.0.202011040924/tools/bin/../lib/gcc/arm-none-eabi/7.3.1/../../../../arm-none-eabi/lib/thumb/v7e-m/fpv4-sp/hard/libnosys.a
END GROUP
START GROUP
LOAD /opt/st/stm32cubeide_1.5.0/plugins/com.st.stm32cube.ide.mcu.externaltools.gnu-tools-for-stm32.7-2018-q2-update.linux64_1.5.0.202011040924/tools/bin/../lib/gcc/arm-none-eabi/7.3.1/thumb/v7e-m/fpv4-sp/hard/libgcc.a
LOAD /opt/st/stm32cubeide_1.5.0/plugins/com.st.stm32cube.ide.mcu.externaltools.gnu-tools-for-stm32.7-2018-q2-update.linux64_1.5.0.202011040924/tools/bin/../lib/gcc/arm-none-eabi/7.3.1/../../../../arm-none-eabi/lib/thumb/v7e-m/fpv4-sp/hard/libc_nano.a
LOAD /opt/st/stm32cubeide_1.5.0/plugins/com.st.stm32cube.ide.mcu.externaltools.gnu-tools-for-stm32.7-2018-q2-update.linux64_1.5.0.202011040924/tools/bin/../lib/gcc/arm-none-eabi/7.3.1/../../../../arm-none-eabi/lib/thumb/v7e-m/fpv4-sp/hard/libnosys.a
END GROUP
LOAD /opt/st/stm32cubeide_1.5.0/plugins/com.st.stm32cube.ide.mcu.externaltools.gnu-tools-for-stm32.7-2018-q2-update.linux64_1.5.0.202011040924/tools/bin/../lib/gcc/arm-none-eabi/7.3.1/thumb/v7e-m/fpv4-sp/hard/crtend.o
LOAD /opt/st/stm32cubeide_1.5.0/plugins/com.st.stm32cube.ide.mcu.externaltools.gnu-tools-for-stm32.7-2018-q2-update.linux64_1.5.0.202011040924/tools/bin/../lib/gcc/arm-none-eabi/7.3.1/thumb/v7e-m/fpv4-sp/hard/crtn.o
                0x0000000020020000                _estack = (ORIGIN (RAM) + LENGTH (RAM))
                0x0000000000000200                _Min_Heap_Size = 0x200
                0x0000000000000400                _Min_Stack_Size = 0x400

.isr_vector     0x0000000008000000      0x1c4
                0x0000000008000000                . = ALIGN (0x4)
 *(.isr_vector)
 .isr_vector    0x0000000008000000      0x1c4 Startup/startup_stm32f446retx.o
                0x0000000008000000                g_pfnVectors
                0x00000000080001c4                . = ALIGN (0x4)

.text           0x00000000080001c4      0xe08
                0x00000000080001c4                . = ALIGN (0x4)
 *(.text)
 .text          0x00000000080001c4       0x40 /opt/st/stm32cubeide_1.5.0/plugins/com.st.stm32cube.ide.mcu.externaltools.gnu-tools-for-stm32.7-2018-q2-update.linux64_1.5.0.202011040924/tools/bin/../lib/gcc/arm-none-eabi/7.3.1/thumb/v7e-m/fpv4-sp/hard/crtbegin.o
 .text          0x0000000008000204       0x10 /opt/st/stm32cubeide_1.5.0/plugins/com.st.stm32cube.ide.mcu.externaltools.gnu-tools-for-stm32.7-2018-q2-update.linux64_1.5.0.202011040924/tools/bin/../lib/gcc/arm-none-eabi/7.3.1/../../../../arm-none-eabi/lib/thumb/v7e-m/fpv4-sp/hard/libc_nano.a(lib_a-strlen.o)
                0x0000000008000204                strlen
 *(.text*)
 .text.GPIO_PeriClkCntrl
                0x0000000008000214      0x1a4 Inc/src/stm32f446xx_gpio.o
                0x0000000008000214                GPIO_PeriClkCntrl
 .text.GPIO_Init
                0x00000000080003b8      0x398 Inc/src/stm32f446xx_gpio.o
                0x00000000080003b8                GPIO_Init
 .text.GPIO_ReadIPin
                0x0000000008000750       0x2c Inc/src/stm32f446xx_gpio.o
                0x0000000008000750                GPIO_ReadIPin
 .text.SPI_GetFagStatus
                0x000000000800077c       0x28 Inc/src/stm32f446xx_spi.o
                0x000000000800077c                SPI_GetFagStatus
 .text.SPI_Enable
                0x00000000080007a4       0x38 Inc/src/stm32f446xx_spi.o
                0x00000000080007a4                SPI_Enable
 .text.SSOE_Config
                0x00000000080007dc       0x38 Inc/src/stm32f446xx_spi.o
                0x00000000080007dc                SSOE_Config
 .text.SPI_PeriClkCntrl
                0x0000000008000814       0xe8 Inc/src/stm32f446xx_spi.o
                0x0000000008000814                SPI_PeriClkCntrl
 .text.SPI_Init
                0x00000000080008fc       0xb8 Inc/src/stm32f446xx_spi.o
                0x00000000080008fc                SPI_Init
 .text.SPI_SendData
                0x00000000080009b4       0x72 Inc/src/stm32f446xx_spi.o
                0x00000000080009b4                SPI_SendData
 .text.SPI_RecieveData
                0x0000000008000a26       0x66 Inc/src/stm32f446xx_spi.o
                0x0000000008000a26                SPI_RecieveData
 .text.delay    0x0000000008000a8c       0x34 Src/007spi_cmd_handling.o
                0x0000000008000a8c                delay
 .text.SPI2_GPIOInits
                0x0000000008000ac0       0x68 Src/007spi_cmd_handling.o
                0x0000000008000ac0                SPI2_GPIOInits
 .text.SPI2_Inits
                0x0000000008000b28       0x48 Src/007spi_cmd_handling.o
                0x0000000008000b28                SPI2_Inits
 .text.SPI_Verify
                0x0000000008000b70       0x20 Src/007spi_cmd_handling.o
                0x0000000008000b70                SPI_Verify
 .text.main     0x0000000008000b90      0x378 Src/007spi_cmd_handling.o
                0x0000000008000b90                main
 .text.Reset_Handler
                0x0000000008000f08       0x50 Startup/startup_stm32f446retx.o
                0x0000000008000f08                Reset_Handler
 .text.Default_Handler
                0x0000000008000f58        0x2 Startup/startup_stm32f446retx.o
                0x0000000008000f58                RTC_Alarm_IRQHandler
                0x0000000008000f58                EXTI2_IRQHandler
                0x0000000008000f58                TIM8_CC_IRQHandler
                0x0000000008000f58                SPDIF_Rx_IRQHandler
                0x0000000008000f58                DebugMon_Handler
                0x0000000008000f58                SPI4_IRQHandler
                0x0000000008000f58                TIM1_CC_IRQHandler
                0x0000000008000f58                QuadSPI_IRQHandler
                0x0000000008000f58                DMA2_Stream5_IRQHandler
                0x0000000008000f58                HardFault_Handler
                0x0000000008000f58                DMA1_Stream5_IRQHandler
                0x0000000008000f58                SysTick_Handler
                0x0000000008000f58                PVD_IRQHandler
                0x0000000008000f58                SDIO_IRQHandler
                0x0000000008000f58                TAMP_STAMP_IRQHandler
                0x0000000008000f58                PendSV_Handler
                0x0000000008000f58                NMI_Handler
                0x0000000008000f58                CAN2_RX1_IRQHandler
                0x0000000008000f58                EXTI3_IRQHandler
                0x0000000008000f58                TIM8_TRG_COM_TIM14_IRQHandler
                0x0000000008000f58                TIM1_UP_TIM10_IRQHandler
                0x0000000008000f58                FMPI2C1_error_IRQHandler
                0x0000000008000f58                TIM8_UP_TIM13_IRQHandler
                0x0000000008000f58                I2C3_ER_IRQHandler
                0x0000000008000f58                EXTI0_IRQHandler
                0x0000000008000f58                I2C2_EV_IRQHandler
                0x0000000008000f58                DMA1_Stream2_IRQHandler
                0x0000000008000f58                CAN1_RX0_IRQHandler
                0x0000000008000f58                FPU_IRQHandler
                0x0000000008000f58                OTG_HS_WKUP_IRQHandler
                0x0000000008000f58                UsageFault_Handler
                0x0000000008000f58                CAN2_SCE_IRQHandler
                0x0000000008000f58                DMA2_Stream2_IRQHandler
                0x0000000008000f58                SPI1_IRQHandler
                0x0000000008000f58                TIM6_DAC_IRQHandler
                0x0000000008000f58                TIM1_BRK_TIM9_IRQHandler
                0x0000000008000f58                DCMI_IRQHandler
                0x0000000008000f58                CAN2_RX0_IRQHandler
                0x0000000008000f58                DMA2_Stream3_IRQHandler
                0x0000000008000f58                FMPI2C1_IRQHandler
                0x0000000008000f58                SAI2_IRQHandler
                0x0000000008000f58                USART6_IRQHandler
                0x0000000008000f58                USART3_IRQHandler
                0x0000000008000f58                CAN1_RX1_IRQHandler
                0x0000000008000f58                UART5_IRQHandler
                0x0000000008000f58                DMA2_Stream0_IRQHandler
                0x0000000008000f58                TIM4_IRQHandler
                0x0000000008000f58                I2C1_EV_IRQHandler
                0x0000000008000f58                HDMI_CEC_IRQHandler
                0x0000000008000f58                DMA1_Stream6_IRQHandler
                0x0000000008000f58                DMA1_Stream1_IRQHandler
                0x0000000008000f58                UART4_IRQHandler
                0x0000000008000f58                TIM3_IRQHandler
                0x0000000008000f58                RCC_IRQHandler
                0x0000000008000f58                TIM8_BRK_TIM12_IRQHandler
                0x0000000008000f58                Default_Handler
                0x0000000008000f58                EXTI15_10_IRQHandler
                0x0000000008000f58                ADC_IRQHandler
                0x0000000008000f58                DMA1_Stream7_IRQHandler
                0x0000000008000f58                TIM7_IRQHandler
                0x0000000008000f58                CAN2_TX_IRQHandler
                0x0000000008000f58                TIM5_IRQHandler
                0x0000000008000f58                DMA2_Stream7_IRQHandler
                0x0000000008000f58                I2C3_EV_IRQHandler
                0x0000000008000f58                EXTI9_5_IRQHandler
                0x0000000008000f58                RTC_WKUP_IRQHandler
                0x0000000008000f58                SPI2_IRQHandler
                0x0000000008000f58                OTG_HS_EP1_IN_IRQHandler
                0x0000000008000f58                MemManage_Handler
                0x0000000008000f58                DMA1_Stream0_IRQHandler
                0x0000000008000f58                CAN1_TX_IRQHandler
                0x0000000008000f58                SVC_Handler
                0x0000000008000f58                EXTI4_IRQHandler
                0x0000000008000f58                OTG_HS_EP1_OUT_IRQHandler
                0x0000000008000f58                WWDG_IRQHandler
                0x0000000008000f58                TIM2_IRQHandler
                0x0000000008000f58                OTG_FS_WKUP_IRQHandler
                0x0000000008000f58                TIM1_TRG_COM_TIM11_IRQHandler
                0x0000000008000f58                OTG_HS_IRQHandler
                0x0000000008000f58                EXTI1_IRQHandler
                0x0000000008000f58                USART2_IRQHandler
                0x0000000008000f58                I2C2_ER_IRQHandler
                0x0000000008000f58                DMA2_Stream1_IRQHandler
                0x0000000008000f58                CAN1_SCE_IRQHandler
                0x0000000008000f58                FLASH_IRQHandler
                0x0000000008000f58                DMA2_Stream4_IRQHandler
                0x0000000008000f58                BusFault_Handler
                0x0000000008000f58                USART1_IRQHandler
                0x0000000008000f58                OTG_FS_IRQHandler
                0x0000000008000f58                SPI3_IRQHandler
                0x0000000008000f58                DMA1_Stream4_IRQHandler
                0x0000000008000f58                I2C1_ER_IRQHandler
                0x0000000008000f58                FMC_IRQHandler
                0x0000000008000f58                DMA2_Stream6_IRQHandler
                0x0000000008000f58                SAI1_IRQHandler
                0x0000000008000f58                DMA1_Stream3_IRQHandler
 *fill*         0x0000000008000f5a        0x2 
 .text.__libc_init_array
                0x0000000008000f5c       0x48 /opt/st/stm32cubeide_1.5.0/plugins/com.st.stm32cube.ide.mcu.externaltools.gnu-tools-for-stm32.7-2018-q2-update.linux64_1.5.0.202011040924/tools/bin/../lib/gcc/arm-none-eabi/7.3.1/../../../../arm-none-eabi/lib/thumb/v7e-m/fpv4-sp/hard/libc_nano.a(lib_a-init.o)
                0x0000000008000f5c                __libc_init_array
 .text.memset   0x0000000008000fa4       0x10 /opt/st/stm32cubeide_1.5.0/plugins/com.st.stm32cube.ide.mcu.externaltools.gnu-tools-for-stm32.7-2018-q2-update.linux64_1.5.0.202011040924/tools/bin/../lib/gcc/arm-none-eabi/7.3.1/../../../../arm-none-eabi/lib/thumb/v7e-m/fpv4-sp/hard/libc_nano.a(lib_a-memset.o)
                0x0000000008000fa4                memset
 *(.glue_7)
 .glue_7        0x0000000008000fb4        0x0 linker stubs
 *(.glue_7t)
 .glue_7t       0x0000000008000fb4        0x0 linker stubs
 *(.eh_frame)
 .eh_frame      0x0000000008000fb4        0x0 /opt/st/stm32cubeide_1.5.0/plugins/com.st.stm32cube.ide.mcu.externaltools.gnu-tools-for-stm32.7-2018-q2-update.linux64_1.5.0.202011040924/tools/bin/../lib/gcc/arm-none-eabi/7.3.1/thumb/v7e-m/fpv4-sp/hard/crtbegin.o
 *(.init)
 .init          0x0000000008000fb4        0x4 /opt/st/stm32cubeide_1.5.0/plugins/com.st.stm32cube.ide.mcu.externaltools.gnu-tools-for-stm32.7-2018-q2-update.linux64_1.5.0.202011040924/tools/bin/../lib/gcc/arm-none-eabi/7.3.1/thumb/v7e-m/fpv4-sp/hard/crti.o
                0x0000000008000fb4                _init
 .init          0x0000000008000fb8        0x8 /opt/st/stm32cubeide_1.5.0/plugins/com.st.stm32cube.ide.mcu.externaltools.gnu-tools-for-stm32.7-2018-q2-update.linux64_1.5.0.202011040924/tools/bin/../lib/gcc/arm-none-eabi/7.3.1/thumb/v7e-m/fpv4-sp/hard/crtn.o
 *(.fini)
 .fini          0x0000000008000fc0        0x4 /opt/st/stm32cubeide_1.5.0/plugins/com.st.stm32cube.ide.mcu.externaltools.gnu-tools-for-stm32.7-2018-q2-update.linux64_1.5.0.202011040924/tools/bin/../lib/gcc/arm-none-eabi/7.3.1/thumb/v7e-m/fpv4-sp/hard/crti.o
                0x0000000008000fc0                _fini
 .fini          0x0000000008000fc4        0x8 /opt/st/stm32cubeide_1.5.0/plugins/com.st.stm32cube.ide.mcu.externaltools.gnu-tools-for-stm32.7-2018-q2-update.linux64_1.5.0.202011040924/tools/bin/../lib/gcc/arm-none-eabi/7.3.1/thumb/v7e-m/fpv4-sp/hard/crtn.o
                0x0000000008000fcc                . = ALIGN (0x4)
                0x0000000008000fcc                _etext = .

.vfp11_veneer   0x0000000008000fcc        0x0
 .vfp11_veneer  0x0000000008000fcc        0x0 linker stubs

.v4_bx          0x0000000008000fcc        0x0
 .v4_bx         0x0000000008000fcc        0x0 linker stubs

.iplt           0x0000000008000fcc        0x0
 .iplt          0x0000000008000fcc        0x0 /opt/st/stm32cubeide_1.5.0/plugins/com.st.stm32cube.ide.mcu.externaltools.gnu-tools-for-stm32.7-2018-q2-update.linux64_1.5.0.202011040924/tools/bin/../lib/gcc/arm-none-eabi/7.3.1/thumb/v7e-m/fpv4-sp/hard/crtbegin.o

.rodata         0x0000000008000fcc       0x18
                0x0000000008000fcc                . = ALIGN (0x4)
 *(.rodata)
 .rodata        0x0000000008000fcc       0x17 Src/007spi_cmd_handling.o
 *(.rodata*)
                0x0000000008000fe4                . = ALIGN (0x4)
 *fill*         0x0000000008000fe3        0x1 

.rel.dyn        0x0000000008000fe4        0x0
 .rel.iplt      0x0000000008000fe4        0x0 /opt/st/stm32cubeide_1.5.0/plugins/com.st.stm32cube.ide.mcu.externaltools.gnu-tools-for-stm32.7-2018-q2-update.linux64_1.5.0.202011040924/tools/bin/../lib/gcc/arm-none-eabi/7.3.1/thumb/v7e-m/fpv4-sp/hard/crtbegin.o

.ARM.extab      0x0000000008000fe4        0x0
                0x0000000008000fe4                . = ALIGN (0x4)
 *(.ARM.extab* .gnu.linkonce.armextab.*)
                0x0000000008000fe4                . = ALIGN (0x4)

.ARM            0x0000000008000fe4        0x0
                0x0000000008000fe4                . = ALIGN (0x4)
                0x0000000008000fe4                __exidx_start = .
 *(.ARM.exidx*)
                0x0000000008000fe4                __exidx_end = .
                0x0000000008000fe4                . = ALIGN (0x4)

.preinit_array  0x0000000008000fe4        0x0
                0x0000000008000fe4                . = ALIGN (0x4)
                0x0000000008000fe4                PROVIDE (__preinit_array_start = .)
 *(.preinit_array*)
                0x0000000008000fe4                PROVIDE (__preinit_array_end = .)
                0x0000000008000fe4                . = ALIGN (0x4)

.init_array     0x0000000008000fe4        0x4
                0x0000000008000fe4                . = ALIGN (0x4)
                0x0000000008000fe4                PROVIDE (__init_array_start = .)
 *(SORT_BY_NAME(.init_array.*))
 *(.init_array*)
 .init_array    0x0000000008000fe4        0x4 /opt/st/stm32cubeide_1.5.0/plugins/com.st.stm32cube.ide.mcu.externaltools.gnu-tools-for-stm32.7-2018-q2-update.linux64_1.5.0.202011040924/tools/bin/../lib/gcc/arm-none-eabi/7.3.1/thumb/v7e-m/fpv4-sp/hard/crtbegin.o
                0x0000000008000fe8                PROVIDE (__init_array_end = .)
                0x0000000008000fe8                . = ALIGN (0x4)

.fini_array     0x0000000008000fe8        0x4
                0x0000000008000fe8                . = ALIGN (0x4)
                [!provide]                        PROVIDE (__fini_array_start = .)
 *(SORT_BY_NAME(.fini_array.*))
 *(.fini_array*)
 .fini_array    0x0000000008000fe8        0x4 /opt/st/stm32cubeide_1.5.0/plugins/com.st.stm32cube.ide.mcu.externaltools.gnu-tools-for-stm32.7-2018-q2-update.linux64_1.5.0.202011040924/tools/bin/../lib/gcc/arm-none-eabi/7.3.1/thumb/v7e-m/fpv4-sp/hard/crtbegin.o
                [!provide]                        PROVIDE (__fini_array_end = .)
                0x0000000008000fec                . = ALIGN (0x4)
                0x0000000008000fec                _sidata = LOADADDR (.data)

.data           0x0000000020000000        0x0 load address 0x0000000008000fec
                0x0000000020000000                . = ALIGN (0x4)
                0x0000000020000000                _sdata = .
 *(.data)
 *(.data*)
 *(.RamFunc)
 *(.RamFunc*)
                0x0000000020000000                . = ALIGN (0x4)
                0x0000000020000000                _edata = .

.igot.plt       0x0000000020000000        0x0 load address 0x0000000008000fec
 .igot.plt      0x0000000020000000        0x0 /opt/st/stm32cubeide_1.5.0/plugins/com.st.stm32cube.ide.mcu.externaltools.gnu-tools-for-stm32.7-2018-q2-update.linux64_1.5.0.202011040924/tools/bin/../lib/gcc/arm-none-eabi/7.3.1/thumb/v7e-m/fpv4-sp/hard/crtbegin.o
                0x0000000020000000                . = ALIGN (0x4)

.bss            0x0000000020000000       0x1c load address 0x0000000008000fec
                0x0000000020000000                _sbss = .
                0x0000000020000000                __bss_start__ = _sbss
 *(.bss)
 .bss           0x0000000020000000       0x1c /opt/st/stm32cubeide_1.5.0/plugins/com.st.stm32cube.ide.mcu.externaltools.gnu-tools-for-stm32.7-2018-q2-update.linux64_1.5.0.202011040924/tools/bin/../lib/gcc/arm-none-eabi/7.3.1/thumb/v7e-m/fpv4-sp/hard/crtbegin.o
 *(.bss*)
 *(COMMON)
                0x000000002000001c                . = ALIGN (0x4)
                0x000000002000001c                _ebss = .
                0x000000002000001c                __bss_end__ = _ebss

._user_heap_stack
                0x000000002000001c      0x604 load address 0x0000000008000fec
                0x0000000020000020                . = ALIGN (0x8)
 *fill*         0x000000002000001c        0x4 
                [!provide]                        PROVIDE (end = .)
                0x0000000020000020                PROVIDE (_end = .)
                0x0000000020000220                . = (. + _Min_Heap_Size)
 *fill*         0x0000000020000020      0x200 
                0x0000000020000620                . = (. + _Min_Stack_Size)
 *fill*         0x0000000020000220      0x400 
                0x0000000020000620                . = ALIGN (0x8)

/DISCARD/
 libc.a(*)
 libm.a(*)
 libgcc.a(*)

.ARM.attributes
                0x0000000000000000       0x30
 *(.ARM.attributes)
 .ARM.attributes
                0x0000000000000000       0x22 /opt/st/stm32cubeide_1.5.0/plugins/com.st.stm32cube.ide.mcu.externaltools.gnu-tools-for-stm32.7-2018-q2-update.linux64_1.5.0.202011040924/tools/bin/../lib/gcc/arm-none-eabi/7.3.1/thumb/v7e-m/fpv4-sp/hard/crti.o
 .ARM.attributes
                0x0000000000000022       0x34 /opt/st/stm32cubeide_1.5.0/plugins/com.st.stm32cube.ide.mcu.externaltools.gnu-tools-for-stm32.7-2018-q2-update.linux64_1.5.0.202011040924/tools/bin/../lib/gcc/arm-none-eabi/7.3.1/thumb/v7e-m/fpv4-sp/hard/crtbegin.o
 .ARM.attributes
                0x0000000000000056       0x39 Inc/src/stm32f446xx_gpio.o
 .ARM.attributes
                0x000000000000008f       0x39 Inc/src/stm32f446xx_spi.o
 .ARM.attributes
                0x00000000000000c8       0x39 Src/007spi_cmd_handling.o
 .ARM.attributes
                0x0000000000000101       0x21 Startup/startup_stm32f446retx.o
 .ARM.attributes
                0x0000000000000122       0x34 /opt/st/stm32cubeide_1.5.0/plugins/com.st.stm32cube.ide.mcu.externaltools.gnu-tools-for-stm32.7-2018-q2-update.linux64_1.5.0.202011040924/tools/bin/../lib/gcc/arm-none-eabi/7.3.1/../../../../arm-none-eabi/lib/thumb/v7e-m/fpv4-sp/hard/libc_nano.a(lib_a-init.o)
 .ARM.attributes
                0x0000000000000156       0x34 /opt/st/stm32cubeide_1.5.0/plugins/com.st.stm32cube.ide.mcu.externaltools.gnu-tools-for-stm32.7-2018-q2-update.linux64_1.5.0.202011040924/tools/bin/../lib/gcc/arm-none-eabi/7.3.1/../../../../arm-none-eabi/lib/thumb/v7e-m/fpv4-sp/hard/libc_nano.a(lib_a-memset.o)
 .ARM.attributes
                0x000000000000018a       0x1b /opt/st/stm32cubeide_1.5.0/plugins/com.st.stm32cube.ide.mcu.externaltools.gnu-tools-for-stm32.7-2018-q2-update.linux64_1.5.0.202011040924/tools/bin/../lib/gcc/arm-none-eabi/7.3.1/../../../../arm-none-eabi/lib/thumb/v7e-m/fpv4-sp/hard/libc_nano.a(lib_a-strlen.o)
 .ARM.attributes
                0x00000000000001a5       0x22 /opt/st/stm32cubeide_1.5.0/plugins/com.st.stm32cube.ide.mcu.externaltools.gnu-tools-for-stm32.7-2018-q2-update.linux64_1.5.0.202011040924/tools/bin/../lib/gcc/arm-none-eabi/7.3.1/thumb/v7e-m/fpv4-sp/hard/crtn.o
OUTPUT(stm32f446xx_drivers.elf elf32-littlearm)

.debug_info     0x0000000000000000     0x1c55
 .debug_info    0x0000000000000000      0x6fb Inc/src/stm32f446xx_gpio.o
 .debug_info    0x00000000000006fb      0x85a Inc/src/stm32f446xx_spi.o
 .debug_info    0x0000000000000f55      0xcde Src/007spi_cmd_handling.o
 .debug_info    0x0000000000001c33       0x22 Startup/startup_stm32f446retx.o

.debug_abbrev   0x0000000000000000      0x526
 .debug_abbrev  0x0000000000000000      0x14e Inc/src/stm32f446xx_gpio.o
 .debug_abbrev  0x000000000000014e      0x1a0 Inc/src/stm32f446xx_spi.o
 .debug_abbrev  0x00000000000002ee      0x226 Src/007spi_cmd_handling.o
 .debug_abbrev  0x0000000000000514       0x12 Startup/startup_stm32f446retx.o

.debug_aranges  0x0000000000000000      0x198
 .debug_aranges
                0x0000000000000000       0x70 Inc/src/stm32f446xx_gpio.o
 .debug_aranges
                0x0000000000000070       0xc0 Inc/src/stm32f446xx_spi.o
 .debug_aranges
                0x0000000000000130       0x40 Src/007spi_cmd_handling.o
 .debug_aranges
                0x0000000000000170       0x28 Startup/startup_stm32f446retx.o

.debug_ranges   0x0000000000000000      0x160
 .debug_ranges  0x0000000000000000       0x60 Inc/src/stm32f446xx_gpio.o
 .debug_ranges  0x0000000000000060       0xb0 Inc/src/stm32f446xx_spi.o
 .debug_ranges  0x0000000000000110       0x30 Src/007spi_cmd_handling.o
 .debug_ranges  0x0000000000000140       0x20 Startup/startup_stm32f446retx.o

.debug_macro    0x0000000000000000     0x228a
 .debug_macro   0x0000000000000000       0xb8 Inc/src/stm32f446xx_gpio.o
 .debug_macro   0x00000000000000b8      0xa66 Inc/src/stm32f446xx_gpio.o
 .debug_macro   0x0000000000000b1e       0x22 Inc/src/stm32f446xx_gpio.o
 .debug_macro   0x0000000000000b40       0x8e Inc/src/stm32f446xx_gpio.o
 .debug_macro   0x0000000000000bce       0x51 Inc/src/stm32f446xx_gpio.o
 .debug_macro   0x0000000000000c1f       0xef Inc/src/stm32f446xx_gpio.o
 .debug_macro   0x0000000000000d0e       0x6a Inc/src/stm32f446xx_gpio.o
 .debug_macro   0x0000000000000d78      0x1df Inc/src/stm32f446xx_gpio.o
 .debug_macro   0x0000000000000f57      0x174 Inc/src/stm32f446xx_gpio.o
 .debug_macro   0x00000000000010cb      0x505 Inc/src/stm32f446xx_gpio.o
 .debug_macro   0x00000000000015d0       0xca Inc/src/stm32f446xx_gpio.o
 .debug_macro   0x000000000000169a      0x1dd Inc/src/stm32f446xx_gpio.o
 .debug_macro   0x0000000000001877       0xc4 Inc/src/stm32f446xx_gpio.o
 .debug_macro   0x000000000000193b       0xb8 Inc/src/stm32f446xx_spi.o
 .debug_macro   0x00000000000019f3      0x1bd Src/007spi_cmd_handling.o
 .debug_macro   0x0000000000001bb0       0x46 Src/007spi_cmd_handling.o
 .debug_macro   0x0000000000001bf6       0x18 Src/007spi_cmd_handling.o
 .debug_macro   0x0000000000001c0e       0x3c Src/007spi_cmd_handling.o
 .debug_macro   0x0000000000001c4a       0x34 Src/007spi_cmd_handling.o
 .debug_macro   0x0000000000001c7e       0x52 Src/007spi_cmd_handling.o
 .debug_macro   0x0000000000001cd0       0x1f Src/007spi_cmd_handling.o
 .debug_macro   0x0000000000001cef       0x43 Src/007spi_cmd_handling.o
 .debug_macro   0x0000000000001d32       0x20 Src/007spi_cmd_handling.o
 .debug_macro   0x0000000000001d52      0x1a3 Src/007spi_cmd_handling.o
 .debug_macro   0x0000000000001ef5      0x330 Src/007spi_cmd_handling.o
 .debug_macro   0x0000000000002225       0x10 Src/007spi_cmd_handling.o
 .debug_macro   0x0000000000002235       0x35 Src/007spi_cmd_handling.o
 .debug_macro   0x000000000000226a       0x20 Src/007spi_cmd_handling.o

.debug_line     0x0000000000000000     0x1357
 .debug_line    0x0000000000000000      0x62a Inc/src/stm32f446xx_gpio.o
 .debug_line    0x000000000000062a      0x63e Inc/src/stm32f446xx_spi.o
 .debug_line    0x0000000000000c68      0x66b Src/007spi_cmd_handling.o
 .debug_line    0x00000000000012d3       0x84 Startup/startup_stm32f446retx.o

.debug_str      0x0000000000000000     0x9a91
 .debug_str     0x0000000000000000     0x6729 Inc/src/stm32f446xx_gpio.o
                                       0x6929 (size before relaxing)
 .debug_str     0x0000000000006729      0x266 Inc/src/stm32f446xx_spi.o
                                       0x698a (size before relaxing)
 .debug_str     0x000000000000698f     0x30d1 Src/007spi_cmd_handling.o
                                       0x988c (size before relaxing)
 .debug_str     0x0000000000009a60       0x31 Startup/startup_stm32f446retx.o
                                         0x66 (size before relaxing)

.comment        0x0000000000000000       0x7b
 .comment       0x0000000000000000       0x7b Inc/src/stm32f446xx_gpio.o
                                         0x7c (size before relaxing)
 .comment       0x000000000000007b       0x7c Inc/src/stm32f446xx_spi.o
 .comment       0x000000000000007b       0x7c Src/007spi_cmd_handling.o

.debug_frame    0x0000000000000000      0x61c
 .debug_frame   0x0000000000000000      0x1c8 Inc/src/stm32f446xx_gpio.o
 .debug_frame   0x00000000000001c8      0x33c Inc/src/stm32f446xx_spi.o
 .debug_frame   0x0000000000000504       0xcc Src/007spi_cmd_handling.o
 .debug_frame   0x00000000000005d0       0x2c /opt/st/stm32cubeide_1.5.0/plugins/com.st.stm32cube.ide.mcu.externaltools.gnu-tools-for-stm32.7-2018-q2-update.linux64_1.5.0.202011040924/tools/bin/../lib/gcc/arm-none-eabi/7.3.1/../../../../arm-none-eabi/lib/thumb/v7e-m/fpv4-sp/hard/libc_nano.a(lib_a-init.o)
 .debug_frame   0x00000000000005fc       0x20 /opt/st/stm32cubeide_1.5.0/plugins/com.st.stm32cube.ide.mcu.externaltools.gnu-tools-for-stm32.7-2018-q2-update.linux64_1.5.0.202011040924/tools/bin/../lib/gcc/arm-none-eabi/7.3.1/../../../../arm-none-eabi/lib/thumb/v7e-m/fpv4-sp/hard/libc_nano.a(lib_a-memset.o)
