stm32f446xx_spi.c:14:9:SPI_GetFagStatus	16	static
stm32f446xx_spi.c:23:6:SPI_Enable	16	static
stm32f446xx_spi.c:34:6:SSI_Config	16	static
stm32f446xx_spi.c:48:6:SSOE_Config	16	static
stm32f446xx_spi.c:73:6:SPI_PeriClkCntrl	16	static
stm32f446xx_spi.c:133:6:SPI_Init	24	static
stm32f446xx_spi.c:203:6:SPI_DeInit	16	static
stm32f446xx_spi.c:223:6:SPI_SendData	24	static
stm32f446xx_spi.c:280:6:SPI_RecieveData	24	static
stm32f446xx_spi.c:332:6:SPI_IRQ_ITConfig	16	static
stm32f446xx_spi.c:351:6:SPI_IRQHandling	24	static
stm32f446xx_spi.c:402:9:SPI_SendData_IT	32	static
stm32f446xx_spi.c:425:9:SPI_RecieveData_IT	32	static
stm32f446xx_spi.c:447:6:SPI_IRQConfig	16	static
stm32f446xx_spi.c:452:13:SPI_RXNE_IT_Handle	16	static
stm32f446xx_spi.c:492:13:SPI_TXE_IT_Handle	16	static
stm32f446xx_spi.c:535:13:SPI_OVR_IT_Handle	24	static
stm32f446xx_spi.c:552:6:SPI_AbortTx	16	static
stm32f446xx_spi.c:562:6:SPI_AbortRx	16	static
stm32f446xx_spi.c:571:6:SPI_ClearOVR	24	static
stm32f446xx_spi.c:583:13:SPI_AppEventCallback	16	static
